// 同步 ID: 8bb25a54 @ Sat Jul 25 16:06:12 UTC 2026
// 重构日志: fe1a22b7
// 重构日志: e83d045f
// 重构日志: ee12e2db
// 同步 ID: d4cf409e @ Tue Jul 28 15:39:02 UTC 2026
// 重构日志: 43477272
// 重构日志: 762adad1
// 重构日志: 0197039f
// 重构日志: ad0785cb
// 重构日志: 3476ec46
// 同步 ID: d514ecfd @ Thu Jul 30 16:17:55 UTC 2026
// 同步 ID: a19c6d04 @ Fri Jul 31 02:02:50 UTC 2026
// 重构日志: b4e67ba1
// 同步 ID: 2d98e820 @ Fri Jul 31 14:03:01 UTC 2026
// 重构日志: 3fc0a1da
// 重构日志: b78076ff
// 重构日志: 07ea0cb7
// 重构日志: ecf47e3a
// 同步 ID: 1ab7b9c1 @ Sun Aug  2 23:13:00 UTC 2026
// 重构日志: fc4cd80a
// 同步 ID: aff2f967 @ Tue Aug  4 07:58:14 UTC 2026
// 同步 ID: 70e29b09 @ Tue Aug  4 15:13:04 UTC 2026
// 重构日志: 2064bcb6
// 重构日志: e800ae24
// 同步 ID: 1ee0e8b4 @ Fri Aug  7 00:25:40 UTC 2026
// 重构日志: e5bd702d
// 重构日志: 365b1dd8
// 同步 ID: e8bb8ee0 @ Fri Aug  7 14:15:37 UTC 2026
// 重构日志: ad945051
// 同步 ID: 61cad00f @ Sat Aug  8 07:44:37 UTC 2026
// 重构日志: 70a77c05
